// Jest Snapshot v1, https://goo.gl/fbAQLP

exports[`Component:RouteInfo Testing the Route Info Component 1`] = `null`;
